$ node --test tests/integration/*.test.mjs
✔ pinned host denies authority minting and every consequential admission (0.531333ms)
✔ canonical paths deny traversal, symlink escape, ambiguous create, and replacement (18.247875ms)
✔ profile exposes no caller grant surface (0.718167ms)
✔ validation container has no network and exactly one read-only prepared bind mount (0.598375ms)
✔ host staging creates an inventoried release input without repository build surfaces (627.762708ms)
✔ verified credential-free staging makes only the prepared root traversable (21.759333ms)
✔ functional setup contract is explicit, unique, and aligned with checked-in release assets (0.361042ms)
✔ prepared-input transitive runtime dependency tampering fails before Docker execution (24.557292ms)
✔ prepared-input validation harness tampering fails before Docker execution (19.60775ms)
✔ prepared-input symlink escape fails before Docker execution (11.621208ms)
✔ test-environment dependency provisioning is frozen-lockfile enforced (296.594625ms)
✔ obsolete container preparation programs are absent (0.352792ms)
✔ ingest crash boundaries converge and pre-commit work is universally ineligible (429.845958ms)
✔ commit rejects a forged exact anchor record before publication (1.090167ms)
✔ authorization is first and final recheck defeats tombstone race (69.413ms)
✔ exact and lexical revocation after the final-check hook performs no evidence reads or mutation (137.162083ms)
✔ per-item finalization suppresses a raced restriction without quarantining healthy evidence (171.191125ms)
✔ fresh post-custody authority check defeats a restriction during the second custody read (66.245958ms)
✔ exact-ID retrieval independently enforces authorization and committed eligibility (124.123ms)
✔ final query authentication quarantines missing, truncated, bit-flipped, and path-swapped custody objects (263.074041ms)
✔ lexical query isolates corrupt custody while returning healthy evidence from the same batch (62.663416ms)
✔ exact rebuild and reconciliation detect seeded faults without promotion (36.551333ms)
✔ reconciliation paginates restrictions beyond 100 and suppresses known ingests (42.72925ms)
✔ tombstone and publication share one transaction barrier at raw and derived boundaries (64.012334ms)
✔ restriction barriers at development custody await boundaries prevent local commit and serving (308.011625ms)
✔ installed setup instrumentation proves exact tool registration schemas and safe executor behavior (220.005334ms)
✔ functional host timeout startup rejection leaves no detached process-group survivor (15228.078625ms)
✔ functional host early-exit startup rejection leaves no detached process-group survivor (170.873625ms)
✔ functional host malformed-timeout startup rejection leaves no detached process-group survivor (15184.523958ms)
✔ one concurrent installer wins and losers receive the stable retryable busy result (667.032334ms)
▶ installer rejects outside-root symlinks for every managed directory without writing through them
  ✔ commands (112.567541ms)
  ✔ agents (56.338125ms)
  ✔ skills (48.237417ms)
  ✔ plugins (52.048541ms)
  ✔ opencode2-config-bundle (56.1605ms)
✔ installer rejects outside-root symlinks for every managed directory without writing through them (326.125333ms)
✔ installer rejects an outside-root final asset symlink without changing its target (71.108459ms)
✔ registry package remains loadable and fails gracefully when the private runtime adapter is absent (708.9945ms)
✔ setup installs the bundled agent suite and selects direct execution without user config (39.251667ms)
✔ user search permissions retain last-match override authority (22.641167ms)
✔ setup rejects an unreviewed host ABI before registering behavior (0.389709ms)
✔ setup accepts the reviewed beta-18138 host ABI (21.387542ms)
✔ setup registers functional Promise hooks and every product tool once (141.698084ms)
✔ duplicate project-root aliases are silently no-op suppressed while independent projects register (35.156583ms)
✔ failed setup rolls registrations back in reverse and releases duplicate guard (50.932916ms)
✔ rejecting disposers do not stop reverse cleanup and the root remains retryable (25.8765ms)
✔ rollback preserves registration failure while attempting every rejecting disposer (37.19675ms)
✔ continuation dispatch preserves id, metadata, and resume through the actual prompt path (73.845334ms)
✔ README plugin verification retries exact cold-empty output then accepts only the expected inventory (0.833292ms)
✔ README plugin verification retries only a known built-in subset before product activation (0.1655ms)
✔ README plugin verification fails after the bounded perpetual-empty interval (0.210375ms)
✔ README plugin verification fails immediately on a nonzero command without exposing output (0.319875ms)
✔ README plugin verification cleans up after bounded output overflow (0.104667ms)
✔ README plugin verification fails immediately on an unexpected inventory (0.131084ms)
✔ README plugin verification fails immediately when an exit-zero command writes stderr (0.091417ms)
✔ README plugin verification preserves its original failure and appends bounded cleanup diagnostics (0.167875ms)
▶ long-lived child handshake failures reap the spawned process before rejecting
  ✔ timeout (75.853459ms)
  ✔ stream error (9.557292ms)
  ✔ malformed JSON (71.652ms)
  ✔ PID validation (43.621458ms)
  ✔ PPID validation (40.260208ms)
  ✔ other rejection (41.219084ms)
✔ long-lived child handshake failures reap the spawned process before rejecting (286.901625ms)
✔ production capture success observes and normally stops an exact supervised service process group (449.942125ms)
ℹ captured command PID 91587; service group PIDs 91710,91727 reaped
✔ production capture nonzero failure preserves its primary diagnostic while fallback reaps the exact process group (367.716042ms)
ℹ failed command PID 92027; fallback-reaped service group PIDs 92089,92105
✔ production capture timeout kills and reaps the exact command without descendants or diagnostic replacement (1152.163125ms)
ℹ timed-out captured command PID 92410 killed and reaped
✔ production capture periodically records a supervised process group that exits before command close (318.911417ms)
ℹ periodic observer retained exited service group PIDs 93204,93235
✔ baseline registration skips normal stop while production capture leaves new process-group cleanup eligible (392.929709ms)
ℹ eligible service group PIDs 93647,93663 reaped; baseline PIDs 93569,93570 preserved
✔ README has one exact config-first packaged installer contract without latest (2.047917ms)
✔ registry smoke phase guard rejects functional host work before cold README verification (0.208875ms)
✔ native registry lifecycle acceptance rejects vacuous managed cleanup evidence (0.743125ms)
✔ normal pack preserves the source manifest and excludes development/workspace surfaces (80.462417ms)
▶ packed gate rejects every malformed registry surface and missing runtime target
  ✔ missing bin (0.305708ms)
  ✔ wrong bin name (0.089166ms)
  ✔ wrong bin target (0.058833ms)
  ✔ missing exports (0.059375ms)
  ✔ missing root export (0.065458ms)
  ✔ extra export (0.072792ms)
  ✔ . import target (0.049042ms)
  ✔ . types target (0.042334ms)
  ✔ ./server import target (0.035ms)
  ✔ ./server types target (0.041333ms)
  ✔ missing top-level types (0.082166ms)
  ✔ wrong top-level types (0.10975ms)
  ✔ files missing dist (0.072166ms)
  ✔ files missing assets (0.042375ms)
  ✔ files missing tools/install-node.mjs (0.035042ms)
  ✔ files missing README.md (0.034791ms)
  ✔ files missing LICENSE (0.031292ms)
  ✔ files contains an extra surface (0.036958ms)
  ✔ missing referenced target package/tools/install-node.mjs (0.539875ms)
  ✔ non-regular referenced target package/tools/install-node.mjs (0.15375ms)
  ✔ missing referenced target package/dist/index.js (0.11075ms)
  ✔ non-regular referenced target package/dist/index.js (0.084709ms)
  ✔ missing referenced target package/dist/index.d.ts (0.076667ms)
  ✔ non-regular referenced target package/dist/index.d.ts (0.095333ms)
  ✔ packaged bin target must be executable (0.098625ms)
  ✔ source manifest is independently gated (0.073583ms)
✔ packed gate rejects every malformed registry surface and missing runtime target (58.037625ms)
▶ packed gate rejects optional, peer, development, and consumer metadata references to @curiosity/runtime
  ✔ dependencies in source manifest (0.307416ms)
  ✔ dependencies in packed manifest (0.11ms)
  ✔ optionalDependencies in source manifest (0.077833ms)
  ✔ optionalDependencies in packed manifest (0.054541ms)
  ✔ peerDependencies in source manifest (0.065959ms)
  ✔ peerDependencies in packed manifest (0.045041ms)
  ✔ devDependencies in source manifest (0.058292ms)
  ✔ devDependencies in packed manifest (0.042042ms)
  ✔ runtimeDependencies in source manifest (0.0515ms)
  ✔ runtimeDependencies in packed manifest (0.622709ms)
  ✔ bundledDependencies in source manifest (0.115959ms)
  ✔ bundledDependencies in packed manifest (0.050667ms)
  ✔ peerDependenciesMeta in source manifest (0.205459ms)
  ✔ peerDependenciesMeta in packed manifest (0.074625ms)
  ✔ overrides in source manifest (0.10075ms)
  ✔ overrides in packed manifest (0.051791ms)
  ✔ resolutions in source manifest (0.054417ms)
  ✔ resolutions in packed manifest (0.039417ms)
✔ packed gate rejects optional, peer, development, and consumer metadata references to @curiosity/runtime (61.664167ms)
▶ runtime dependency gate recognizes selector and alias semantics without scanning unrelated text
  ✔ reviewer resolution selector reproduction (0.402334ms)
  ✔ scoped parent resolution selector (0.096458ms)
  ✔ scoped pnpm override selector (0.06625ms)
  ✔ nested override selector (0.051459ms)
  ✔ dependency alias value (0.04625ms)
  ✔ override alias value (0.045375ms)
  ✔ override direct dependency reference (0.300125ms)
  ✔ root prose and scripts (0.402666ms)
  ✔ similarly prefixed package (0.21775ms)
  ✔ similarly prefixed scoped override (0.167834ms)
  ✔ unrelated metadata note (0.167292ms)
  ✔ unrelated patch path (0.257959ms)
  ✔ alias to similarly prefixed package (0.140084ms)
✔ runtime dependency gate recognizes selector and alias semantics without scanning unrelated text (71.2315ms)
✔ manifest comparison ignores object and files allowlist ordering without weakening exact values (63.938292ms)
✔ manifest-only compiled ESM install preserves unrelated files and records one hashed load path (42.379584ms)
✔ interrupted update restores the previous staged release and explicit rollback preserves ledger (59.423708ms)
✔ rollback restores the previous manifest entry and wrapper (68.528542ms)
✔ a second plugin wrapper causes staged installation to fail closed (21.131ms)
✔ release rejects symlinks and derives the wrapper from the manifest entry (15.236708ms)
✔ pre-commit faults restore exact managed bytes and remove a new-install stage (31.499875ms)
✔ a post-commit interruption is deterministically repaired from the hashed immutable receipt (26.275833ms)
✔ post-commit repair never substitutes a different requested manifest (25.452084ms)
✔ rollback faults preserve exact current release, wrapper, and receipt (74.946917ms)
ℹ tests 142
ℹ suites 0
ℹ pass 142
ℹ fail 0
ℹ cancelled 0
ℹ skipped 0
ℹ todo 0
ℹ duration_ms 30867.152542
