  ◆ curiosity                   local-owner  openai-oauth:gpt-5.4-mini  medium
────────────────────────────────────────────────────────────────────────────────







                               C U R I O S I T Y

                          ──────────── ◇ ────────────

            authority kernel sealed · 2 plugins · 0 pending effects



   ┌────────────────────────────────────────────────────────────────────────┐
   │› describe the work                                                     │
   └────────────────────────────────────────────────────────────────────────┘
   ⏎ send   ⇧⏎ newline   / command   ⌃k palette                    ⌃i inspect

────────────────────────────────────────────────────────────────────────────────
  ● ready                                                  plugins 2   tools 1
