  ◆ trace attempt fencing  thread 7c4a-0031  openai-oauth:gpt-5.4-mini  medium
────────────────────────────────────────────────────────────────────────────────
   0031  ▌ USER
         Trac┌───────────────────────────────────────────────────┐
             │⌁  r                                         2 of 2│
   0032  ◇ AS├───────────────────────────────────────────────────┤
         Fenc│▌ /research     Bounded primary-source research    │ frontier
         pres│  /review       Independent adversarial review     │
             │                                                   │
             │                                                   │
             │                                                   │
             │                                                   │
             │                                                   │
             │                                                   │
             │                                                   │
             │                                                   │
             ├───────────────────────────────────────────────────┤
             │↑↓ move   ↵ insert   esc dismiss  non-authoritative│
             └───────────────────────────────────────────────────┘



────────────────────────────────────────────────────────────────────────────────
  ● ready                                                  plugins 2   tools 1
