$ env -i ... bun --no-install --no-env-file test q1 probes
bun test v1.3.14 (0d9b296a)

docs/architecture/custom-harness/qualification/q1/probes/effect-import-boundary.test.ts:
44 | 
45 | describe("Q1-W02 Effect dependency boundary", () => {
46 |   test("the selected stable composition subpaths have no external runtime import", async () => {
47 |     const closure = await selectedImportClosure()
48 |     expect(closure.files.length).toBeGreaterThan(20)
49 |     expect(closure.bare).toEqual([])
                              ^
error: expect(received).toEqual(expected)

- []
+ [
+   "effect",
+   "effect/testing",
+ ]

- Expected  - 1
+ Received  + 4

      at <anonymous> (/Users/sterling/orca/workspaces/curiosity/custom-harness-lab/docs/architecture/custom-harness/qualification/q1/probes/effect-import-boundary.test.ts:49:26)
(fail) Q1-W02 Effect dependency boundary > the selected stable composition subpaths have no external runtime import [20.67ms]
(pass) Q1-W02 Effect dependency boundary > the plugin pin and lock artifact resolve to one physical Effect package [1.05ms]

docs/architecture/custom-harness/qualification/q1/probes/effect-composition.test.ts:
(pass) Q1-W02 exact Effect composition boundary > one ManagedRuntime owns one cached application layer and closes once [1.57ms]

docs/architecture/custom-harness/qualification/q1/probes/build-stack.test.ts:
(pass) Q1 build and test identity > the executing Bun runtime is the exact selected built-in test runner [0.18ms]
(pass) Q1 build and test identity > the exact TypeScript and Turbo artifacts execute [212.36ms]
(pass) Q1 build and test identity > package manifests retain the exact selected identities [0.92ms]

docs/architecture/custom-harness/qualification/q1/probes/invalidation.test.ts:
(pass) Q1-T02 qualification invalidation > unchanged exact input remains current [0.58ms]
(pass) Q1-T02 qualification invalidation > changed pin invalidates the qualification [0.03ms]
(pass) Q1-T02 qualification invalidation > changed feature/import surface invalidates the qualification [0.01ms]
(pass) Q1-T02 qualification invalidation > changed source digest invalidates the qualification [0.02ms]
(pass) Q1-T02 qualification invalidation > changed platform artifact invalidates the qualification [0.01ms]
(pass) Q1-T02 qualification invalidation > changed platform invalidates the qualification [0.01ms]

 11 pass
 1 fail
 17 expect() calls
Ran 12 tests across 4 files. [314.00ms]
