# Q1-T01 exact identity and license observation
source_commit=8670d358f761003c49902db5f148baab0c2e6be4
dirty_state_begin
?? docs/architecture/custom-harness/PHASE-1-IMPLEMENTATION-PLAN.md
?? docs/architecture/custom-harness/README.md
?? docs/architecture/custom-harness/decisions/ADR-001-effect-authority-rust-supervisor.md
?? docs/architecture/custom-harness/decisions/ADR-002-event-log-sqlite-projections.md
?? docs/architecture/custom-harness/decisions/ADR-003-command-attempt-cancellation.md
?? docs/architecture/custom-harness/decisions/ADR-004-provider-gateway-usage-accounting.md
?? docs/architecture/custom-harness/decisions/ADR-005-capabilities-provenance-sinks.md
?? docs/architecture/custom-harness/decisions/ADR-006-extensions-sandbox-platforms.md
?? docs/architecture/custom-harness/decisions/ADR-007-worktree-lifecycle.md
?? docs/architecture/custom-harness/decisions/ADR-008-autonomy-and-human-gates.md
?? docs/architecture/custom-harness/decisions/ADR-009-trusted-local-authentication-readiness.md
?? docs/architecture/custom-harness/decisions/ADR-010-provenance-updates-licenses.md
?? docs/architecture/custom-harness/qualification/q1/evidence/Q1-T01/diagnostic-initial-comment-scan-failure.log
?? docs/architecture/custom-harness/qualification/q1/evidence/Q1-T01/diagnostic-upstream-declaration-check.log
?? docs/architecture/custom-harness/qualification/q1/evidence/Q1-T01/focused-bun-test.log
?? docs/architecture/custom-harness/qualification/q1/evidence/Q1-T01/focused-typescript.log
?? docs/architecture/custom-harness/qualification/q1/evidence/Q1-T01/identity-license-observation.log
?? docs/architecture/custom-harness/qualification/q1/licenses/bun-1.3.14-LICENSE.md
?? docs/architecture/custom-harness/qualification/q1/licenses/cargo-1.97.1-LICENSE-APACHE.txt
?? docs/architecture/custom-harness/qualification/q1/licenses/cargo-1.97.1-LICENSE-MIT.txt
?? docs/architecture/custom-harness/qualification/q1/licenses/effect-4.0.0-beta.107-MIT.txt
?? docs/architecture/custom-harness/qualification/q1/licenses/effect-dep-detect-libc-2.1.2-Apache-2.0.txt
?? docs/architecture/custom-harness/qualification/q1/licenses/effect-dep-fast-check-4.9.0-MIT.txt
?? docs/architecture/custom-harness/qualification/q1/licenses/effect-dep-msgpackr-2.0.5-MIT.txt
?? docs/architecture/custom-harness/qualification/q1/licenses/effect-dep-msgpackr-extract-3.0.4-MIT.txt
?? docs/architecture/custom-harness/qualification/q1/licenses/effect-dep-node-gyp-build-optional-packages-5.2.2-MIT.txt
?? docs/architecture/custom-harness/qualification/q1/licenses/effect-dep-pure-rand-8.4.2-MIT.txt
?? docs/architecture/custom-harness/qualification/q1/licenses/effect-dep-standard-schema-spec-1.1.0-MIT.txt
?? docs/architecture/custom-harness/qualification/q1/licenses/effect-dep-uuid-14.0.1-MIT.md
?? docs/architecture/custom-harness/qualification/q1/licenses/libc-0.2.189-LICENSE-APACHE.txt
?? docs/architecture/custom-harness/qualification/q1/licenses/libc-0.2.189-LICENSE-MIT.txt
?? docs/architecture/custom-harness/qualification/q1/licenses/libsqlite3-sys-0.38.2-MIT.txt
?? docs/architecture/custom-harness/qualification/q1/licenses/node-24.18.0-LICENSE.txt
?? docs/architecture/custom-harness/qualification/q1/licenses/rusqlite-0.40.2-MIT.txt
?? docs/architecture/custom-harness/qualification/q1/licenses/rust-1.97.1-COPYRIGHT.txt
?? docs/architecture/custom-harness/qualification/q1/licenses/rust-1.97.1-LICENSE-APACHE.txt
?? docs/architecture/custom-harness/qualification/q1/licenses/rust-1.97.1-LICENSE-MIT.txt
?? docs/architecture/custom-harness/qualification/q1/licenses/turbo-2.10.10-MIT.txt
?? docs/architecture/custom-harness/qualification/q1/licenses/typescript-5.9.2-Apache-2.0.txt
?? docs/architecture/custom-harness/qualification/q1/licenses/typescript-5.9.2-ThirdPartyNoticeText.txt
?? docs/architecture/custom-harness/qualification/q1/probes/build-stack.test.ts
?? docs/architecture/custom-harness/qualification/q1/probes/effect-composition.test.ts
?? docs/architecture/custom-harness/qualification/q1/probes/effect-composition.ts
?? docs/architecture/custom-harness/qualification/q1/probes/effect-import-boundary.test.ts
?? docs/architecture/custom-harness/qualification/q1/probes/fixtures/qualified-input.json
?? docs/architecture/custom-harness/qualification/q1/probes/invalidation.test.ts
?? docs/architecture/custom-harness/qualification/q1/probes/tsconfig.json
?? research/harnesses/RESEARCH-CONTRACT.md
dirty_state_end

HOST
ProductName:		macOS
ProductVersion:		27.0
BuildVersion:		26A5368g
arm64
26A5368g

LOCKS
0656e39945e9b62c4535f0a60fb3da5a2d0206e9e0757d4226e277aba98e9075  bun.lock
d45e0fcd14dd5f373fec1e131895bca2e291abc3bfe4aef1418562ee9d5b31d5  package.json
d6e2e99a1ae21c2f5fd2c32a7f85089b1ae81b73c0eac7999e7a19cef2c5c549  turbo.json
8bbec2a75b907aff4402885821897167f2d286b8faea76aaa5d2feb51f4ff84c  apps/plugin/opencode2/package.json
f5580e0075604d519bb712d3b5138bc9d8eb822a3313459d16fb59c5de7ce6e6  apps/runtime/native/Cargo.toml
546440f8c8a3d4789dd21d85f3c92dbc7350669b68636a3e32a23473076eff32  apps/runtime/native/Cargo.lock

BUN
1.3.14
1.3.14+0d9b296af
e0c90ec15d33363e6b70713d56bc3b2c7585c17f40a0fe0f8fd9305901d4e233  /Users/sterling/.nvm/versions/node/v24.18.0/bin/bun
d8b96221828ad6f97ac7ac0ab7e95872341af763001e8803e8267652c2652620  /private/var/folders/wr/8bsbkjgd46v11_cpt9rfqm2r0000gn/T/opencode/custom-harness-q1/artifacts/bun-darwin-aarch64-1.3.14.zip
e0c90ec15d33363e6b70713d56bc3b2c7585c17f40a0fe0f8fd9305901d4e233  /private/var/folders/wr/8bsbkjgd46v11_cpt9rfqm2r0000gn/T/opencode/custom-harness-q1/extracted/bun-1.3.14/bun-darwin-aarch64/bun

NODE_WHEN_INVOKED
v24.18.0
{"release":{"name":"node","lts":"Krypton","sourceUrl":"https://nodejs.org/download/release/v24.18.0/node-v24.18.0.tar.gz","headersUrl":"https://nodejs.org/download/release/v24.18.0/node-v24.18.0-headers.tar.gz"},"versions":{"node":"24.18.0","acorn":"8.16.0","ada":"3.4.4","amaro":"1.1.9","ares":"1.34.6","brotli":"1.2.0","cldr":"48.0","icu":"78.3","llhttp":"9.4.2","merve":"1.2.2","modules":"137","napi":"10","nbytes":"0.1.4","ncrypto":"0.0.1","nghttp2":"1.69.0","nghttp3":"","ngtcp2":"","openssl":"3.5.7","simdjson":"4.6.4","simdutf":"6.4.0","sqlite":"3.53.1","tz":"2026b","undici":"7.28.0","unicode":"17.0","uv":"1.52.1","uvwasi":"0.0.23","v8":"13.6.233.17-node.50","zlib":"1.3.1-e00f703","zstd":"1.5.7"},"execPath":"/Users/sterling/.nvm/versions/node/v24.18.0/bin/node","platform":"darwin","arch":"arm64"}
ee6fb0e015284d83a91e8ec5213f43a157f8a392b58555301682892ba928c04a  /Users/sterling/.nvm/versions/node/v24.18.0/bin/node
e1a97e14c99c803e96c7339403282ea05a499c32f8d83defe9ef5ec66f979ed1  /private/var/folders/wr/8bsbkjgd46v11_cpt9rfqm2r0000gn/T/opencode/custom-harness-q1/artifacts/node-v24.18.0-darwin-arm64.tar.gz
ee6fb0e015284d83a91e8ec5213f43a157f8a392b58555301682892ba928c04a  /private/var/folders/wr/8bsbkjgd46v11_cpt9rfqm2r0000gn/T/opencode/custom-harness-q1/extracted/node-v24.18.0/node-v24.18.0-darwin-arm64/bin/node

NPM_ARTIFACTS_SHA256_SHA512
e3b3664b248b812eb4d6ad278817b29a803c1a7694237c367b201099b21edd4d  /private/var/folders/wr/8bsbkjgd46v11_cpt9rfqm2r0000gn/T/opencode/custom-harness-q1/artifacts/effect-4.0.0-beta.107.tgz
67a3bc82e822b8f45f653a80fc3a9730d23214d36c83ba85dd7f5abebee82062  /private/var/folders/wr/8bsbkjgd46v11_cpt9rfqm2r0000gn/T/opencode/custom-harness-q1/artifacts/typescript-5.9.2.tgz
ec38dbacb9fcc5e19081169c31889f5971abd15043003b8a53f2c8e81218c023  /private/var/folders/wr/8bsbkjgd46v11_cpt9rfqm2r0000gn/T/opencode/custom-harness-q1/artifacts/turbo-2.10.10.tgz
8c2f28a74e6061dc99515c027a0c6ed404b3c0401b69475d642a6c5b3cf7f5b1  /private/var/folders/wr/8bsbkjgd46v11_cpt9rfqm2r0000gn/T/opencode/custom-harness-q1/artifacts/turbo-darwin-arm64-2.10.10.tgz
3a8040bfc785fb26a773e0bac6180452759e5d448703aca79ec718aa990063d1929f3656cacb6c223068c15a8290ba471a59d1b5d22a613df01f0a4e63a2439d  /private/var/folders/wr/8bsbkjgd46v11_cpt9rfqm2r0000gn/T/opencode/custom-harness-q1/artifacts/effect-4.0.0-beta.107.tgz
0960735d0adcfea3a4862770d4ecc14d0b9845b7f2c435c93152755cdc141c644e566b9a7a2126dceb25a59d5157de9ded228a8d92ab489bb7fadff1970dd1f4  /private/var/folders/wr/8bsbkjgd46v11_cpt9rfqm2r0000gn/T/opencode/custom-harness-q1/artifacts/typescript-5.9.2.tgz
ffdd0a4d6f944b3bd838f99a7d164754a2c1b075d0e7cd74028fc776d25802a82e22167e5ebb92e9e2148ea2540edad2c5a658ca734586debca9c9062803964c  /private/var/folders/wr/8bsbkjgd46v11_cpt9rfqm2r0000gn/T/opencode/custom-harness-q1/artifacts/turbo-2.10.10.tgz
55962cc59eb28f20e8b14aad8aba005525cf2e6c7fa81c5d1c9808c5d307f51c8d98b74e2ce5ad26760c9c8e2a724c0281030af391b77eef78ff1939fa204283  /private/var/folders/wr/8bsbkjgd46v11_cpt9rfqm2r0000gn/T/opencode/custom-harness-q1/artifacts/turbo-darwin-arm64-2.10.10.tgz

INSTALLED_PACKAGE_VERSIONS
{"file":"./node_modules/.bun/effect@4.0.0-beta.107/node_modules/effect/package.json","name":"effect","version":"4.0.0-beta.107","license":"MIT","repository":{"type":"git","url":"https://github.com/Effect-TS/effect.git","directory":"packages/effect"}}
{"file":"./node_modules/.bun/typescript@5.9.2/node_modules/typescript/package.json","name":"typescript","version":"5.9.2","license":"Apache-2.0","gitHead":"5be33469d551655d878876faa9e30aa3b49f8ee9","repository":{"type":"git","url":"https://github.com/microsoft/TypeScript.git"}}
{"file":"./node_modules/.bun/turbo@2.10.10/node_modules/turbo/package.json","name":"turbo","version":"2.10.10","license":"MIT","repository":"https://github.com/vercel/turborepo"}
{"file":"./node_modules/.bun/@turbo+darwin-arm64@2.10.10/node_modules/@turbo/darwin-arm64/package.json","name":"@turbo/darwin-arm64","version":"2.10.10","license":"MIT","os":["darwin"],"cpu":["arm64"],"repository":"https://github.com/vercel/turborepo"}

INSTALLED_TREE_MATCH_MANIFEST_HASHES
7cac23fe10a5d289adb5dcf02b31bb11e140618d9d906dab5de0e6f1f5d7aa43  /private/var/folders/wr/8bsbkjgd46v11_cpt9rfqm2r0000gn/T/opencode/custom-harness-q1/logs/effect-tar-tree.txt
7cac23fe10a5d289adb5dcf02b31bb11e140618d9d906dab5de0e6f1f5d7aa43  /private/var/folders/wr/8bsbkjgd46v11_cpt9rfqm2r0000gn/T/opencode/custom-harness-q1/logs/effect-installed-tree.txt
c2e4c4d3914a9d8ac6ef5f95c483c371de7eb4380310c788fd05e1292005e0ea  /private/var/folders/wr/8bsbkjgd46v11_cpt9rfqm2r0000gn/T/opencode/custom-harness-q1/logs/typescript-tar-tree.txt
c2e4c4d3914a9d8ac6ef5f95c483c371de7eb4380310c788fd05e1292005e0ea  /private/var/folders/wr/8bsbkjgd46v11_cpt9rfqm2r0000gn/T/opencode/custom-harness-q1/logs/typescript-installed-tree.txt
7527d49124edbff1839aa4c309cb1ccd748477d5769f0e158e4ea7cf8a492f6a  /private/var/folders/wr/8bsbkjgd46v11_cpt9rfqm2r0000gn/T/opencode/custom-harness-q1/logs/turbo-tar-tree.txt
7527d49124edbff1839aa4c309cb1ccd748477d5769f0e158e4ea7cf8a492f6a  /private/var/folders/wr/8bsbkjgd46v11_cpt9rfqm2r0000gn/T/opencode/custom-harness-q1/logs/turbo-installed-tree.txt
8ab281f631b95f5b5f38d3fa990465974192fa0fe360d42e8b619acce08b0d23  /private/var/folders/wr/8bsbkjgd46v11_cpt9rfqm2r0000gn/T/opencode/custom-harness-q1/logs/turbo-darwin-arm64-tar-tree.txt
8ab281f631b95f5b5f38d3fa990465974192fa0fe360d42e8b619acce08b0d23  /private/var/folders/wr/8bsbkjgd46v11_cpt9rfqm2r0000gn/T/opencode/custom-harness-q1/logs/turbo-darwin-arm64-installed-tree.txt

TURBO_BINARY
415bad4b27666b6ba13f37e563b4f6b02add80775588637c6bc6d0f5a161d7ce  node_modules/.bun/@turbo+darwin-arm64@2.10.10/node_modules/@turbo/darwin-arm64/bin/turbo
2.10.10

RUST_TOOLCHAIN
rustc 1.97.1 (8bab26f4f 2026-07-14)
binary: rustc
commit-hash: 8bab26f4f68e0e26f0bb7960be334d5b520ea452
commit-date: 2026-07-14
host: aarch64-apple-darwin
release: 1.97.1
LLVM version: 22.1.6
cargo 1.97.1 (c980f4866 2026-06-30)
release: 1.97.1
commit-hash: c980f4866141969fab6254a680546a277789d6f0
commit-date: 2026-06-30
host: aarch64-apple-darwin
libgit2: 1.9.2 (sys:0.20.4 vendored)
libcurl: 8.7.1 (sys:0.4.88+curl-8.20.0 system ssl:(SecureTransport) LibreSSL/3.3.6)
ssl: OpenSSL 3.6.2 7 Apr 2026
os: Mac OS 27.0.0 [64-bit]
stable-aarch64-apple-darwin (default)
aarch64-apple-darwin
wasm32-unknown-unknown
210df6794001b73ec3d453878707fa1e0bdcb63c427024a6e6574bbe5615a4da  /Users/sterling/.rustup/toolchains/stable-aarch64-apple-darwin/bin/rustc
7672ead309d505577c018fff2cafb3433601f073e38cbe87359ac1f7b944bbf5  /Users/sterling/.rustup/toolchains/stable-aarch64-apple-darwin/bin/cargo
03569b1886ceb5c05276b50c8431ab111de944cd6140fe1fa7d821dd8e0f29cf  /private/var/folders/wr/8bsbkjgd46v11_cpt9rfqm2r0000gn/T/opencode/custom-harness-q1/metadata/channel-rust-1.97.1.toml

SQLITE_RUST_TUPLE
apps/runtime/native/Cargo.toml:18:owned-web-qualification = ["dep:rusqlite", "dep:scraper"]
apps/runtime/native/Cargo.toml:24:rusqlite = { version = "=0.40.2", optional = true, default-features = false, features = ["bundled"] }
apps/runtime/native/Cargo.lock:54: "rusqlite",
apps/runtime/native/Cargo.lock:148:name = "libsqlite3-sys"
apps/runtime/native/Cargo.lock:306:name = "rusqlite"
apps/runtime/native/Cargo.lock:314: "libsqlite3-sys",
470:#define SQLITE_VERSION        "3.53.2"
472:#define SQLITE_SOURCE_ID      "2026-06-03 19:12:13 d6e03d8c777cfa2d35e3b60d8ec3e0187f3e9f99d8e2ee9cac695fd6fcdf1a24"

GIT_CANDIDATE
git version 2.54.0 (Apple Git-157)
cpu: arm64
no commit associated with this build
sizeof-long: 8
sizeof-size_t: 8
shell-path: /bin/sh
rust: disabled
feature: fsmonitor--daemon
libcurl: 8.7.1
zlib: 1.2.12
SHA-1: SHA1_DC
SHA-256: SHA256_BLK
default-ref-format: files
default-hash: sha1
0741e745385d941a1cb1e97bef08b801d58e86c795c8b9a57e873fce7930db19  /usr/bin/git
3dd98fff510403664c65b9992d088c2de50b7826e48adbdddd0e70796b9404cb  /Applications/Xcode.app/Contents/Developer/usr/bin/git
Xcode 27.0
Build version 27A5209h

RETAINED_LICENSE_DIGESTS
2c6160ec8fb853f7e8f97d9b249e756c9b0ac44860a68b6bf4f1b0bcbc5c3741  docs/architecture/custom-harness/qualification/q1/licenses/bun-1.3.14-LICENSE.md
8ada45cd9f843acf64e4722ae262c622a2b3b3007c7310ef36ac1061a30f6adb  docs/architecture/custom-harness/qualification/q1/licenses/cargo-1.97.1-LICENSE-APACHE.txt
23f18e03dc49df91622fe2a76176497404e46ced8a715d9d2b67a7446571cca3  docs/architecture/custom-harness/qualification/q1/licenses/cargo-1.97.1-LICENSE-MIT.txt
774c3bc5924ad8ae6c5a75f1c53db13feb238ade15989625c513d07b60dedf30  docs/architecture/custom-harness/qualification/q1/licenses/effect-4.0.0-beta.107-MIT.txt
b40930bbcf80744c86c46a12bc9da056641d722716c378f5659b9e555ef833e1  docs/architecture/custom-harness/qualification/q1/licenses/effect-dep-detect-libc-2.1.2-Apache-2.0.txt
b2bd24f5c975f659433271170b17e0a769b12ef8065bbca6dcd5511d57e94ce0  docs/architecture/custom-harness/qualification/q1/licenses/effect-dep-fast-check-4.9.0-MIT.txt
d00470775464c789c7ac04cfba3bf1b79ef149790eb72556d1c51d8f50c8e7f3  docs/architecture/custom-harness/qualification/q1/licenses/effect-dep-msgpackr-2.0.5-MIT.txt
d00470775464c789c7ac04cfba3bf1b79ef149790eb72556d1c51d8f50c8e7f3  docs/architecture/custom-harness/qualification/q1/licenses/effect-dep-msgpackr-extract-3.0.4-MIT.txt
7b3638496004b2daed183a91c4ba45d3ef6331db6c9d0eb1dd882a505630c172  docs/architecture/custom-harness/qualification/q1/licenses/effect-dep-node-gyp-build-optional-packages-5.2.2-MIT.txt
e9d6a94ab01c6c9ab68c099d3ba8dd9f8aca60f2e2250c2302275405fca9e806  docs/architecture/custom-harness/qualification/q1/licenses/effect-dep-pure-rand-8.4.2-MIT.txt
653b779005a3a4d64a7288c940f7b9a0e8f0b1e0375f6aa6af9473caf131e564  docs/architecture/custom-harness/qualification/q1/licenses/effect-dep-standard-schema-spec-1.1.0-MIT.txt
beaa6b04fb82e41dd2ad679e19e27953afb5999b1abbb455b6564e78ebfeb332  docs/architecture/custom-harness/qualification/q1/licenses/effect-dep-uuid-14.0.1-MIT.md
62c7a1e35f56406896d7aa7ca52d0cc0d272ac022b5d2796e7d6905db8a3636a  docs/architecture/custom-harness/qualification/q1/licenses/libc-0.2.189-LICENSE-APACHE.txt
123a331b5dbf04c30097fa43b8f858bc85df671fe776de498d01f3d6b7c1f69e  docs/architecture/custom-harness/qualification/q1/licenses/libc-0.2.189-LICENSE-MIT.txt
c10c1f27337546471e5f7e4e97fdd398b35b9d4e126115dcd22de8d8e65abf6f  docs/architecture/custom-harness/qualification/q1/licenses/libsqlite3-sys-0.38.2-MIT.txt
148eacf7863ef4329224a29398623077200a27194aa075569faf4a0a85566ca5  docs/architecture/custom-harness/qualification/q1/licenses/node-24.18.0-LICENSE.txt
c10c1f27337546471e5f7e4e97fdd398b35b9d4e126115dcd22de8d8e65abf6f  docs/architecture/custom-harness/qualification/q1/licenses/rusqlite-0.40.2-MIT.txt
172020dbfd5b53a226dfde77616190a48dcff519b0bc0e6deb91a8450782c4af  docs/architecture/custom-harness/qualification/q1/licenses/rust-1.97.1-COPYRIGHT.txt
62c7a1e35f56406896d7aa7ca52d0cc0d272ac022b5d2796e7d6905db8a3636a  docs/architecture/custom-harness/qualification/q1/licenses/rust-1.97.1-LICENSE-APACHE.txt
b71bd43a069ca0641a9ecfe585ca7b3c53b5cc1608f8b68321168698e28b5ea1  docs/architecture/custom-harness/qualification/q1/licenses/rust-1.97.1-LICENSE-MIT.txt
f7ac4712aa30551de5b97b30215010515d783638107f207bcce32a85bfffc05e  docs/architecture/custom-harness/qualification/q1/licenses/turbo-2.10.10-MIT.txt
a7d00bfd54525bc694b6e32f64c7ebcf5e6b7ae3657be5cc12767bce74654a47  docs/architecture/custom-harness/qualification/q1/licenses/typescript-5.9.2-Apache-2.0.txt
1af3c68039c57e539422da82a4faada506ce6d0ea6f90e0b699d02dbcdb7a90c  docs/architecture/custom-harness/qualification/q1/licenses/typescript-5.9.2-ThirdPartyNoticeText.txt
