COMMAND: /Users/sterling/.nvm/versions/node/v24.18.0/bin/bun --no-install --no-env-file run status:check
START_UTC=2026-08-24T15:44:42Z
BUN=1.3.14
BUN_REVISION=1.3.14+0d9b296af
NODE=v24.18.0
RUSTC=rustc 1.97.1 (8bab26f4f 2026-07-14)
CARGO=cargo 1.97.1 (c980f4866 2026-06-30)
ENV_CONTROLS=credential-empty HOME/TMP/XDG scratch; no-install; no-env-file; Cargo offline; Turbo force/telemetry/notifier controls
$ node --test tools/status/status.test.mjs && node tools/status/status.mjs
✔ root README is Curiosity-authored and contains canonical status markers (2.933666ms)
▶ schema validation rejects missing fields and invalid enums
  ✔ required owner (43.190666ms)
  ✔ status enum (1.152375ms)
  ✔ additional capability property (3.240042ms)
  ✔ bad environment array element (2.0405ms)
  ✔ bad reference kind enum (1.223ms)
  ✔ schema independently rejects unsafe reference and guard paths (21.938291ms)
✔ schema validation rejects missing fields and invalid enums (73.243709ms)
▶ repository evidence paths are confined and normalized
  ✔ semantic reference rejection: "/etc/hosts" (0.481417ms)
  ✔ semantic reference rejection: "../etc/hosts" (0.396125ms)
  ✔ semantic reference rejection: "apps//runtime/file.ts" (0.33175ms)
  ✔ semantic reference rejection: "apps/./runtime/file.ts" (0.379542ms)
  ✔ semantic reference rejection: "apps/runtime/../plugin/file.ts" (0.30525ms)
  ✔ semantic reference rejection: "apps/runtime/" (0.348ms)
  ✔ semantic reference rejection: "apps\\runtime\\file.ts" (0.298375ms)
  ✔ semantic reference rejection: "\\\\server\\share\\file.ts" (0.284375ms)
  ✔ semantic reference rejection: "C:\\Windows\\system.ini" (0.635292ms)
  ✔ semantic reference rejection: "C:/Windows/system.ini" (0.281916ms)
  ✔ semantic reference rejection: "https://example.invalid/file.ts" (0.301791ms)
  ✔ semantic reference rejection: "file:///etc/hosts" (0.275708ms)
  ✔ semantic reference rejection: "apps/%2e%2e/%2fetc/hosts" (0.269667ms)
  ✔ semantic reference rejection: "apps%5cruntime%5c..%5chosts" (0.259208ms)
  ✔ semantic reference rejection: "apps/%252e%252e/file.ts" (0.281375ms)
  ✔ semantic reference rejection: "apps/runtime/\u0000file.ts" (0.275833ms)
  ✔ semantic reference rejection: "docs/café.md" (0.613958ms)
  ✔ semantic guard rejection (0.294791ms)
  ✔ verifier rejects an absolute reference before host access (0.4645ms)
  ✔ test overlay rejects unsafe virtual paths before access (0.08425ms)
  ✔ filesystem adapter rejects symlink escape and non-regular targets (1.847917ms)
  ✔ filesystem adapter accepts a valid nested regular file (1.156292ms)
✔ repository evidence paths are confined and normalized (10.609458ms)
▶ recursive discovery fails closed on unexpected symlinks
  ✔ outside-root symlink (0.484042ms)
  ✔ in-root symlink (0.391417ms)
  ✔ explicit ignored directory remains untraversed (0.867542ms)
✔ recursive discovery fails closed on unexpected symlinks (3.014709ms)
▶ generated writes are root-confined atomic replacements
  ✔ exact allowlist only (1.052208ms)
  ✔ missing allowlisted output is rejected (1.069708ms)
  ✔ symlinked root cannot modify target bytes (1.227625ms)
  ✔ target symlink cannot modify external bytes (1.46325ms)
  ✔ parent symlink cannot modify external bytes (1.813625ms)
  ✔ non-directory parent is rejected (1.2755ms)
  ✔ non-regular target is rejected (1.044208ms)
  ✔ successful replacement is bounded and leaves no temp (12.361791ms)
  ✔ rename fault cleans exclusive temp (7.07425ms)
  ✔ O_NOFOLLOW portability fallback is explicit (0.053583ms)
✔ generated writes are root-confined atomic replacements (28.80275ms)
▶ closed Wave 1 inventory rejects omissions, duplicates, and unknown IDs
  ✔ omitted plugin-authoritative-writes (1.078375ms)
  ✔ omitted runtime-sdk-v2 (0.7975ms)
  ✔ omitted retired-daemon (0.765459ms)
  ✔ omitted retired-marker-agent (0.725083ms)
  ✔ duplicate (0.865667ms)
  ✔ unknown replacement (0.393083ms)
✔ closed Wave 1 inventory rejects omissions, duplicates, and unknown IDs (4.813417ms)
✔ capability guards must bind to that record's declared evidence (0.384125ms)
✔ unknown observations cannot be enabled (0.648458ms)
▶ Current requires sufficient evidence and authority
  ✔ missing evidence (0.371916ms)
  ✔ contradictory evidence (0.346833ms)
  ✔ unauthorized authority (0.294542ms)
✔ Current requires sufficient evidence and authority (1.119209ms)
▶ consequential contradictions and missing authority fail closed
  ✔ Experimental authority unknown (0.501208ms)
  ✔ Experimental authority forbidden (0.433791ms)
  ✔ Experimental authority unauthorized (0.447292ms)
  ✔ Experimental contradictory evidence (0.468833ms)
  ✔ Experimental contradictory qualification (0.435667ms)
  ✔ Retired contradictory evidence (0.75375ms)
  ✔ platform qualification missing (0.463333ms)
  ✔ implemented but unauthorized Deferred remains representable (0.995875ms)
  ✔ missing platform qualification remains orthogonal when Deferred (1.254416ms)
✔ consequential contradictions and missing authority fail closed (6.019167ms)
▶ availability is scope-qualified and consequential unknowns fail closed
  ✔ availability environment outside scope (0.36075ms)
  ✔ production enabled outside production scope (0.299375ms)
  ✔ production scope without production availability (0.289583ms)
  ✔ production scope with disabled production flag (0.295875ms)
  ✔ production availability with disabled production flag (0.307958ms)
  ✔ enabled availability cannot be nowhere (0.279291ms)
  ✔ conditional availability cannot be nowhere (0.428541ms)
  ✔ observation-only availability cannot be nowhere (0.324291ms)
  ✔ observation-only availability is active in declared non-production scope (0.968333ms)
  ✔ disabled availability cannot name an environment (0.731708ms)
  ✔ absent availability cannot name an environment (0.9245ms)
  ✔ absent availability is valid only nowhere (0.963458ms)
  ✔ production enabled with evidence partial (0.326125ms)
  ✔ production enabled with authority limited (0.291875ms)
  ✔ production enabled with qualification conditional (0.263708ms)
  ✔ generic repository refs cannot promote production (0.280208ms)
  ✔ deployment enabled outside production scope (0.272958ms)
  ✔ deployment enabled with evidence partial (0.284834ms)
  ✔ deployment enabled with authority limited (0.251542ms)
  ✔ deployment enabled with qualification conditional (0.244916ms)
  ✔ Experimental deployment cannot be enabled (0.3835ms)
  ✔ generic repository refs cannot promote deployment (0.251625ms)
  ✔ plugin-identity-config unknown state (0.255417ms)
  ✔ plugin-identity-config unknown production (0.288375ms)
  ✔ plugin-search-surface unknown deployment (0.7555ms)
  ✔ runtime-sdk-v2 unknown deployment (0.641458ms)
  ✔ unknown authority is representable only after actual fail-closed values and blocker (0.939791ms)
  ✔ unknown observation is representable only as disabled Deferred with a blocker (0.912125ms)
  ✔ Deferred requires an explicit blocker (0.732334ms)
  ✔ schema closes production environments and flags (0.227666ms)
✔ availability is scope-qualified and consequential unknowns fail closed (14.461459ms)
▶ Current facets require distinct appropriately guarded sources
  ✔ missing observation refs (0.325167ms)
  ✔ missing evidence refs (0.275875ms)
  ✔ missing authority refs (0.262625ms)
  ✔ missing delivery refs (0.241541ms)
  ✔ missing qualification refs (0.4845ms)
  ✔ evidence cannot use an observation source (0.352084ms)
  ✔ authority cannot use an observation source (0.321458ms)
  ✔ guard from another capability cannot bind Current evidence (0.277917ms)
  ✔ deleting the exact evidence guard unbinds the facet (0.291458ms)
  ✔ one observation ref cannot also satisfy delivery (0.283125ms)
  ✔ external evidence cannot establish Current (0.269917ms)
  ✔ external authority cannot establish Current (0.253541ms)
  ✔ external delivery cannot establish Current (0.250958ms)
  ✔ external qualification cannot establish Current (0.23325ms)
  ✔ external observation must remain unknown and fail closed (0.257458ms)
✔ Current facets require distinct appropriately guarded sources (4.702708ms)
✔ platform claims require exact qualification (0.301375ms)
▶ Experimental and Deferred capabilities cannot be production-enabled
  ✔ Experimental (0.406458ms)
  ✔ Deferred (0.408166ms)
✔ Experimental and Deferred capabilities cannot be production-enabled (0.89225ms)
✔ receipts alone cannot promote qualification (0.621834ms)
▶ Wave 1 mechanically forbids publication promotion
  ✔ registry readiness (0.420875ms)
  ✔ bogus external publication marker (0.783292ms)
✔ Wave 1 mechanically forbids publication promotion (1.290541ms)
▶ policy and verdict prose are closed and structurally generated
  ✔ bogus grants-lifecycle-authority policy (0.282958ms)
  ✔ bogus published policy (0.223083ms)
  ✔ bogus production-ready policy (0.212625ms)
  ✔ bogus deployment-enabled policy (0.246708ms)
  ✔ bogus grants-lifecycle-authority rationale (0.315208ms)
  ✔ bogus published rationale (0.26925ms)
  ✔ bogus production-ready rationale (0.230875ms)
  ✔ bogus deployment-enabled rationale (0.235583ms)
✔ policy and verdict prose are closed and structurally generated (2.208584ms)
▶ source contracts detect workspace, composition, export, and capability report mismatches
  ✔ workspace (75.502666ms)
  ✔ composition (74.294209ms)
  ✔ exports (71.507417ms)
  ✔ capability report (79.319ms)
✔ source contracts detect workspace, composition, export, and capability report mismatches (302.593375ms)
▶ every Wave 1 capability has a fail-closed exact source contract
  ✔ plugin-identity-config (158.727625ms)
  ✔ plugin-hooks-event-capture (155.819584ms)
  ✔ plugin-structured-tools (153.184ms)
  ✔ plugin-ledger-authority (156.238417ms)
  ✔ plugin-authoritative-writes (155.258708ms)
  ✔ plugin-lifecycle-guards (154.6095ms)
  ✔ plugin-capability-report (152.92775ms)
  ✔ plugin-search-surface (172.983959ms)
  ✔ plugin-private-runtime-search (154.335792ms)
  ✔ plugin-registry-readiness (169.094208ms)
  ✔ plugin-engineering-intent (157.773125ms)
  ✔ plugin-evidence-scaffolding (156.767917ms)
  ✔ plugin-orchestration-scaffolding (167.644959ms)
  ✔ runtime-m1 (162.763666ms)
  ✔ runtime-m2 (172.717875ms)
  ✔ runtime-m3 (162.730375ms)
  ✔ runtime-m4 (171.700083ms)
  ✔ runtime-m5 (160.409458ms)
  ✔ runtime-m6 (173.050125ms)
  ✔ runtime-m7-historical (148.869833ms)
  ✔ runtime-m7-current (179.550083ms)
  ✔ runtime-unified-evidence (177.532958ms)
  ✔ runtime-sdk-v2 (133.116042ms)
  ✔ starter-scaffolds (165.154666ms)
  ✔ retired-legacy-runtime (94.747958ms)
  ✔ retired-daemon (99.345ms)
  ✔ retired-marker-agent (104.03125ms)
✔ every Wave 1 capability has a fail-closed exact source contract (4173.226292ms)
▶ M5 endpoint and policy mutations invalidate the runtime-m5 review
  ✔ endpoint (160.992459ms)
  ✔ policy test (178.527416ms)
✔ M5 endpoint and policy mutations invalidate the runtime-m5 review (340.480291ms)
✔ M7 immutable acceptance and changed source candidate cannot be conflated (126.824625ms)
✔ Current qualification evidence must execute through a required verification entrypoint (181.520416ms)
▶ source contracts detect ADR omissions and preserve the exact historical preflight
  ✔ ADR index (75.699167ms)
  ✔ historical snapshot deletion (93.383208ms)
  ✔ historical byte mutation (92.886583ms)
  ✔ historical baseline commit zeroed (97.009916ms)
  ✔ staged rewrite plus catalog rehash (93.510334ms)
  ✔ CRLF-normalized checkout (243.27975ms)
✔ source contracts detect ADR omissions and preserve the exact historical preflight (697.258958ms)
✔ retired product surfaces fail if they reappear (89.968ms)
✔ unknown guarded source changes fail closed (168.622292ms)
▶ SDK r4 acceptance receipt is decisive contradictory evidence
  ✔ deleted (129.289083ms)
  ✔ artifact match changed (135.135709ms)
  ✔ profile receipt match field deleted (143.714834ms)
  ✔ executable verdict changed (130.197333ms)
  ✔ continuation changed (132.319375ms)
  ✔ decision anchor deleted (154.492417ms)
✔ SDK r4 acceptance receipt is decisive contradictory evidence (826.116375ms)
▶ evidence fragments are meaningful canonical exact-normalized anchors
  ✔ missing exact normalized phrase (173.210958ms)
  ✔ invalid canonical fragment "" (0.482125ms)
  ✔ invalid canonical fragment "---" (0.359708ms)
  ✔ invalid canonical fragment "..." (0.335916ms)
  ✔ invalid canonical fragment " " (0.298041ms)
  ✔ invalid canonical fragment "test  anchor" (0.296625ms)
  ✔ invalid canonical fragment "test anchor " (0.283375ms)
  ✔ invalid canonical fragment "te​st anchor" (0.301958ms)
  ✔ punctuation cannot normalize to an empty match (180.490166ms)
✔ evidence fragments are meaningful canonical exact-normalized anchors (356.5735ms)
▶ generated current view and canonical README reject drift
  ✔ docs/status/current.md (0.284667ms)
  ✔ README.md (0.420834ms)
  ✔ direct README production/publication overclaim (1.490958ms)
  ✔ template production/publication overclaim (0.49025ms)
  ✔ template status overclaim (0.4355ms)
  ✔ template remains-Current status assertion (0.454708ms)
  ✔ template table status assertion (0.559792ms)
  ✔ template table formatting-split overclaim (1.38875ms)
  ✔ template nested list and blockquote overclaims (0.585375ms)
  ✔ template HTML-visible overclaim (0.4675ms)
  ✔ template inline-code overclaim (0.493875ms)
  ✔ template markdown-split production (0.4205ms)
  ✔ template entity-split production (0.399833ms)
  ✔ template plain runs in production (0.410084ms)
  ✔ template authority-grant noun phrase (0.399375ms)
  ✔ template link-visible split production (0.39875ms)
  ✔ template HTML-entity overclaim (0.394166ms)
  ✔ zero-width production (0.498583ms)
  ✔ zero-width published (0.427791ms)
  ✔ compatibility production (0.562083ms)
  ✔ contextual lower-case current (0.400084ms)
  ✔ status-is lower-case current (0.374875ms)
  ✔ neutral current-directory navigation (0.368875ms)
  ✔ capitalized neutral Current directory (0.3255ms)
  ✔ neutral current-directory table cell (0.33675ms)
  ✔ extra generated marker pair cannot hide a claim (0.228375ms)
  ✔ nested generated markers are rejected (0.227166ms)
  ✔ unknown status marker is rejected (0.205792ms)
  ✔ unreviewed benign template mutation changes identity (0.505209ms)
  ✔ mutable catalog prose is rejected and not rendered (2.317833ms)
  ✔ template required neutral structure (0.386209ms)
✔ generated current view and canonical README reject drift (33.801292ms)
✔ new status tooling is Node 18 compatible (0.909541ms)
ℹ tests 230
ℹ suites 0
ℹ pass 230
ℹ fail 0
ℹ cancelled 0
ℹ skipped 0
ℹ todo 0
ℹ duration_ms 7498.044375
status check passed (27 capabilities)
END_UTC=2026-08-24T15:44:50Z
EXIT=0
