COMMAND: /Users/sterling/.nvm/versions/node/v24.18.0/bin/bun --no-install --no-env-file run check-types
START_UTC=2026-08-24T15:44:50Z
BUN=1.3.14
BUN_REVISION=1.3.14+0d9b296af
NODE=v24.18.0
RUSTC=rustc 1.97.1 (8bab26f4f 2026-07-14)
CARGO=cargo 1.97.1 (c980f4866 2026-06-30)
ENV_CONTROLS=credential-empty HOME/TMP/XDG scratch; no-install; no-env-file; Cargo offline; Turbo force/telemetry/notifier controls
$ turbo run check-types

   • Packages in scope: @curiosity/runtime, @iamsterling/opencode2-config, @repo/eslint-config, @repo/typescript-config, @repo/ui, docs, web
   • Running check-types in 7 packages
   • Remote caching disabled

@curiosity/runtime:check-types: cache bypass, force executing ca0cadf27c307430
@repo/ui:check-types: cache bypass, force executing 7462c7f2ba7f44e5
@iamsterling/opencode2-config:check-types: cache bypass, force executing 1f748fc992dc250f
@iamsterling/opencode2-config:check-types: $ bun run typecheck
@curiosity/runtime:check-types: $ tsc --noEmit
@repo/ui:check-types: $ tsc --noEmit
@iamsterling/opencode2-config:check-types: $ tsc --noEmit
docs:check-types: cache bypass, force executing 33f74bc74e3efbbe
web:check-types: cache bypass, force executing c31c4a88ad8e00d2
docs:check-types: $ next typegen && tsc --noEmit
web:check-types: $ next typegen && tsc --noEmit
web:check-types: Generating route types...
docs:check-types: Generating route types...
web:check-types: ✓ Types generated successfully
docs:check-types: ✓ Types generated successfully

 Tasks:    5 successful, 5 total
Cached:    0 cached, 5 total
  Time:    1.938s 

END_UTC=2026-08-24T15:44:52Z
EXIT=0
