COMMAND: /Users/sterling/.nvm/versions/node/v24.18.0/bin/bun --no-install --no-env-file run lint
START_UTC=2026-08-24T15:44:52Z
BUN=1.3.14
BUN_REVISION=1.3.14+0d9b296af
NODE=v24.18.0
RUSTC=rustc 1.97.1 (8bab26f4f 2026-07-14)
CARGO=cargo 1.97.1 (c980f4866 2026-06-30)
ENV_CONTROLS=credential-empty HOME/TMP/XDG scratch; no-install; no-env-file; Cargo offline; Turbo force/telemetry/notifier controls
$ turbo run lint

   • Packages in scope: @curiosity/runtime, @iamsterling/opencode2-config, @repo/eslint-config, @repo/typescript-config, @repo/ui, docs, web
   • Running lint in 7 packages
   • Remote caching disabled

@iamsterling/opencode2-config:lint: cache bypass, force executing 852998c203ff564d
@curiosity/runtime:lint: cache bypass, force executing 60f2758b97e7d707
@repo/ui:lint: cache bypass, force executing 2099048dbdec635e
@iamsterling/opencode2-config:lint: $ eslint src --max-warnings=0 && node tools/verify-architecture.mjs
@repo/ui:lint: $ eslint . --max-warnings 0
@curiosity/runtime:lint: $ (if [ -n "${CARGO_FMT:-}" ]; then "$CARGO_FMT" --manifest-path native/Cargo.toml --check; else cargo fmt --manifest-path native/Cargo.toml --check; fi) && (if [ -n "${CARGO_CLIPPY:-}" ]; then "$CARGO_CLIPPY" clippy --manifest-path native/Cargo.toml --locked --all-targets -- -D warnings; else cargo clippy --manifest-path native/Cargo.toml --locked --all-targets -- -D warnings; fi)
@curiosity/runtime:lint: error: rustup could not choose a version of cargo to run, because one wasn't specified explicitly, and no default is configured.
@curiosity/runtime:lint: help: run 'rustup default stable' to download the latest stable release of Rust and set it as your default toolchain.
@curiosity/runtime:lint: error: script "lint" exited with code 1
@curiosity/runtime#lint:  ERROR  command (/Users/sterling/orca/workspaces/curiosity/custom-harness-lab/apps/runtime) /Users/sterling/.nvm/versions/node/v24.18.0/bin/bun run lint exited (1)

 Tasks:    0 successful, 3 total
Cached:    0 cached, 3 total
  Time:    147ms 
Failed:    @curiosity/runtime#lint

 ERROR  run failed: command  exited (1)
error: script "lint" exited with code 1
END_UTC=2026-08-24T15:44:52Z
EXIT=1
