Q1-E02 POST-STOP BOUNDARY AUDIT
2026-08-24T15:45:26Z
8670d358f761003c49902db5f148baab0c2e6be4
?? docs/architecture/custom-harness/PHASE-1-IMPLEMENTATION-PLAN.md
?? docs/architecture/custom-harness/README.md
?? docs/architecture/custom-harness/decisions/ADR-001-effect-authority-rust-supervisor.md
?? docs/architecture/custom-harness/decisions/ADR-002-event-log-sqlite-projections.md
?? docs/architecture/custom-harness/decisions/ADR-003-command-attempt-cancellation.md
?? docs/architecture/custom-harness/decisions/ADR-004-provider-gateway-usage-accounting.md
?? docs/architecture/custom-harness/decisions/ADR-005-capabilities-provenance-sinks.md
?? docs/architecture/custom-harness/decisions/ADR-006-extensions-sandbox-platforms.md
?? docs/architecture/custom-harness/decisions/ADR-007-worktree-lifecycle.md
?? docs/architecture/custom-harness/decisions/ADR-008-autonomy-and-human-gates.md
?? docs/architecture/custom-harness/decisions/ADR-009-trusted-local-authentication-readiness.md
?? docs/architecture/custom-harness/decisions/ADR-010-provenance-updates-licenses.md
?? docs/architecture/custom-harness/qualification/q1/ENTRY.md
?? docs/architecture/custom-harness/qualification/q1/Q1-E01-candidate-matrix.md
?? docs/architecture/custom-harness/qualification/q1/evidence/Q1-E02/00-preflight.log
?? docs/architecture/custom-harness/qualification/q1/evidence/Q1-E02/01-changed-format.log
?? docs/architecture/custom-harness/qualification/q1/evidence/Q1-E02/02-local-links.log
?? docs/architecture/custom-harness/qualification/q1/evidence/Q1-E02/03-inventory-check.log
?? docs/architecture/custom-harness/qualification/q1/evidence/Q1-E02/04-status-check.log
?? docs/architecture/custom-harness/qualification/q1/evidence/Q1-E02/05-check-types.log
?? docs/architecture/custom-harness/qualification/q1/evidence/Q1-E02/06-lint.log
?? docs/architecture/custom-harness/qualification/q1/evidence/Q1-E02/10-postflight.log
?? docs/architecture/custom-harness/qualification/q1/evidence/Q1-T01/RESULT.md
?? docs/architecture/custom-harness/qualification/q1/evidence/Q1-T01/diagnostic-initial-comment-scan-failure.log
?? docs/architecture/custom-harness/qualification/q1/evidence/Q1-T01/diagnostic-upstream-declaration-check.log
?? docs/architecture/custom-harness/qualification/q1/evidence/Q1-T01/focused-bun-test.log
?? docs/architecture/custom-harness/qualification/q1/evidence/Q1-T01/focused-typescript.log
?? docs/architecture/custom-harness/qualification/q1/evidence/Q1-T01/identity-license-observation.log
?? docs/architecture/custom-harness/qualification/q1/evidence/Q1-T02/RESULT.md
?? docs/architecture/custom-harness/qualification/q1/evidence/Q1-T02/invalidation-test.log
?? docs/architecture/custom-harness/qualification/q1/evidence/Q1-T03/REJECTION.md
?? docs/architecture/custom-harness/qualification/q1/evidence/Q1-T04/RESULT.md
?? docs/architecture/custom-harness/qualification/q1/evidence/Q1-T04/no-auto-update-license-scan.log
?? docs/architecture/custom-harness/qualification/q1/licenses/README.md
?? docs/architecture/custom-harness/qualification/q1/licenses/bun-1.3.14-LICENSE.md
?? docs/architecture/custom-harness/qualification/q1/licenses/cargo-1.97.1-LICENSE-APACHE.txt
?? docs/architecture/custom-harness/qualification/q1/licenses/cargo-1.97.1-LICENSE-MIT.txt
?? docs/architecture/custom-harness/qualification/q1/licenses/effect-4.0.0-beta.107-MIT.txt
?? docs/architecture/custom-harness/qualification/q1/licenses/effect-dep-detect-libc-2.1.2-Apache-2.0.txt
?? docs/architecture/custom-harness/qualification/q1/licenses/effect-dep-fast-check-4.9.0-MIT.txt
?? docs/architecture/custom-harness/qualification/q1/licenses/effect-dep-msgpackr-2.0.5-MIT.txt
?? docs/architecture/custom-harness/qualification/q1/licenses/effect-dep-msgpackr-extract-3.0.4-MIT.txt
?? docs/architecture/custom-harness/qualification/q1/licenses/effect-dep-node-gyp-build-optional-packages-5.2.2-MIT.txt
?? docs/architecture/custom-harness/qualification/q1/licenses/effect-dep-pure-rand-8.4.2-MIT.txt
?? docs/architecture/custom-harness/qualification/q1/licenses/effect-dep-standard-schema-spec-1.1.0-MIT.txt
?? docs/architecture/custom-harness/qualification/q1/licenses/effect-dep-uuid-14.0.1-MIT.md
?? docs/architecture/custom-harness/qualification/q1/licenses/libc-0.2.189-LICENSE-APACHE.txt
?? docs/architecture/custom-harness/qualification/q1/licenses/libc-0.2.189-LICENSE-MIT.txt
?? docs/architecture/custom-harness/qualification/q1/licenses/libsqlite3-sys-0.38.2-MIT.txt
?? docs/architecture/custom-harness/qualification/q1/licenses/node-24.18.0-LICENSE.txt
?? docs/architecture/custom-harness/qualification/q1/licenses/rusqlite-0.40.2-MIT.txt
?? docs/architecture/custom-harness/qualification/q1/licenses/rust-1.97.1-COPYRIGHT.txt
?? docs/architecture/custom-harness/qualification/q1/licenses/rust-1.97.1-LICENSE-APACHE.txt
?? docs/architecture/custom-harness/qualification/q1/licenses/rust-1.97.1-LICENSE-MIT.txt
?? docs/architecture/custom-harness/qualification/q1/licenses/turbo-2.10.10-MIT.txt
?? docs/architecture/custom-harness/qualification/q1/licenses/typescript-5.9.2-Apache-2.0.txt
?? docs/architecture/custom-harness/qualification/q1/licenses/typescript-5.9.2-ThirdPartyNoticeText.txt
?? docs/architecture/custom-harness/qualification/q1/probes/build-stack.test.ts
?? docs/architecture/custom-harness/qualification/q1/probes/check-local-links.mjs
?? docs/architecture/custom-harness/qualification/q1/probes/effect-composition.test.ts
?? docs/architecture/custom-harness/qualification/q1/probes/effect-composition.ts
?? docs/architecture/custom-harness/qualification/q1/probes/effect-import-boundary.test.ts
?? docs/architecture/custom-harness/qualification/q1/probes/fixtures/qualified-input.json
?? docs/architecture/custom-harness/qualification/q1/probes/invalidation.test.ts
?? docs/architecture/custom-harness/qualification/q1/probes/records-completeness.test.ts
?? docs/architecture/custom-harness/qualification/q1/probes/tsconfig.json
?? docs/architecture/custom-harness/qualification/q1/records/ai-sdk.md
?? docs/architecture/custom-harness/qualification/q1/records/build-test-stack.md
?? docs/architecture/custom-harness/qualification/q1/records/curiosity-ledger.md
?? docs/architecture/custom-harness/qualification/q1/records/effect-4.0.0-beta.107.md
?? docs/architecture/custom-harness/qualification/q1/records/git-backends.md
?? docs/architecture/custom-harness/qualification/q1/records/provenance-invalidation.md
?? docs/architecture/custom-harness/qualification/q1/records/rust-toolchain-supervisor.md
?? docs/architecture/custom-harness/qualification/q1/records/source-ledger.md
?? docs/architecture/custom-harness/qualification/q1/records/sqlite-rust-tuple.md
?? research/harnesses/RESEARCH-CONTRACT.md
cc9018882649228e6514e2e0df8ba983d1a8a90a9a7361ba75c7da78d8457e10  apps/plugin/opencode2/assets/manifest.json
0656e39945e9b62c4535f0a60fb3da5a2d0206e9e0757d4226e277aba98e9075  bun.lock
d45e0fcd14dd5f373fec1e131895bca2e291abc3bfe4aef1418562ee9d5b31d5  package.json
d6e2e99a1ae21c2f5fd2c32a7f85089b1ae81b73c0eac7999e7a19cef2c5c549  turbo.json
STOP_REASON=root bun run lint exited 1; no test/build/verify command was run afterward
