Q1 FINAL POST-STOP BOUNDARY AUDIT
UTC=2026-08-24T15:48:55Z
HEAD=8670d358f761003c49902db5f148baab0c2e6be4
TRACKED_UNSTAGED_BEGIN
TRACKED_UNSTAGED_END
TRACKED_STAGED_BEGIN
TRACKED_STAGED_END
OUTSIDE_Q1_STATUS_BEGIN
?? docs/architecture/custom-harness/PHASE-1-IMPLEMENTATION-PLAN.md
?? docs/architecture/custom-harness/README.md
?? docs/architecture/custom-harness/decisions/ADR-001-effect-authority-rust-supervisor.md
?? docs/architecture/custom-harness/decisions/ADR-002-event-log-sqlite-projections.md
?? docs/architecture/custom-harness/decisions/ADR-003-command-attempt-cancellation.md
?? docs/architecture/custom-harness/decisions/ADR-004-provider-gateway-usage-accounting.md
?? docs/architecture/custom-harness/decisions/ADR-005-capabilities-provenance-sinks.md
?? docs/architecture/custom-harness/decisions/ADR-006-extensions-sandbox-platforms.md
?? docs/architecture/custom-harness/decisions/ADR-007-worktree-lifecycle.md
?? docs/architecture/custom-harness/decisions/ADR-008-autonomy-and-human-gates.md
?? docs/architecture/custom-harness/decisions/ADR-009-trusted-local-authentication-readiness.md
?? docs/architecture/custom-harness/decisions/ADR-010-provenance-updates-licenses.md
?? research/harnesses/RESEARCH-CONTRACT.md
OUTSIDE_Q1_STATUS_END
OUTSIDE_Q1_MATCHES_PREFLIGHT=yes
Q1_FILE_COUNT=67
cc9018882649228e6514e2e0df8ba983d1a8a90a9a7361ba75c7da78d8457e10  apps/plugin/opencode2/assets/manifest.json
0656e39945e9b62c4535f0a60fb3da5a2d0206e9e0757d4226e277aba98e9075  bun.lock
d45e0fcd14dd5f373fec1e131895bca2e291abc3bfe4aef1418562ee9d5b31d5  package.json
d6e2e99a1ae21c2f5fd2c32a7f85089b1ae81b73c0eac7999e7a19cef2c5c549  turbo.json
SCRATCH_DISCARDED=yes
ROOT_TEST_BUILD_VERIFY_AFTER_LINT_FAILURE=not_run
Q1_EXIT=STOPPED_FAIL_CLOSED
