# Q1-T04 no-auto-update and copied-license observation
Selected command allowlist: bun run, bun test, TypeScript compiler, turbo run.
Explicitly excluded commands: bun upgrade, bun update, bun install, bunx, turbo telemetry enable, package-manager mutation.

PACKAGE_LIFECYCLE_SCRIPTS
{"file":"./node_modules/.bun/effect@4.0.0-beta.107/node_modules/effect/package.json","name":"effect","version":"4.0.0-beta.107","scripts":{"codegen":"effect-utils codegen","build":"tsc -b tsconfig.json && pnpm babel","babel":"babel dist --plugins annotate-pure-calls --out-dir dist --source-maps","check":"tsc -b tsconfig.json"}}
{"file":"./node_modules/.bun/typescript@5.9.2/node_modules/typescript/package.json","name":"typescript","version":"5.9.2","scripts":{"test":"hereby runtests-parallel --light=false","test:eslint-rules":"hereby run-eslint-rules-tests","build":"npm run build:compiler && npm run build:tests","build:compiler":"hereby local","build:tests":"hereby tests","build:tests:notypecheck":"hereby tests --no-typecheck","clean":"hereby clean","gulp":"hereby","lint":"hereby lint","knip":"hereby knip","format":"dprint fmt","setup-hooks":"node scripts/link-hooks.mjs"}}
{"file":"./node_modules/.bun/turbo@2.10.10/node_modules/turbo/package.json","name":"turbo","version":"2.10.10","scripts":{"postversion":"node bump-version.js"}}
{"file":"/Users/sterling/.nvm/versions/node/v24.18.0/lib/node_modules/bun/package.json","name":"bun","version":"1.3.14","scripts":{"postinstall":"node install.js"}}

BUN_CONTROLS_EXACT_SOURCE
/private/var/folders/wr/8bsbkjgd46v11_cpt9rfqm2r0000gn/T/opencode/custom-harness-q1/extracted/sources/bun/bun-0d9b296af33f2b851fcbf4df3e9ec89751734ba4/src/cli/bunfig.zig:242:                if (json.get("telemetry")) |expr| {
/private/var/folders/wr/8bsbkjgd46v11_cpt9rfqm2r0000gn/T/opencode/custom-harness-q1/extracted/sources/bun/bun-0d9b296af33f2b851fcbf4df3e9ec89751734ba4/src/cli/bunfig.zig:524:                                try this.addError(auto_install_expr.loc, "Invalid auto install setting, must be one of true, false, or \"force\" \"fallback\" \"disable\"");
/private/var/folders/wr/8bsbkjgd46v11_cpt9rfqm2r0000gn/T/opencode/custom-harness-q1/extracted/sources/bun/bun-0d9b296af33f2b851fcbf4df3e9ec89751734ba4/src/cli/bunfig.zig:533:                            try this.addError(auto_install_expr.loc, "Invalid auto install setting, must be one of true, false, or \"force\" \"fallback\" \"disable\"");
/private/var/folders/wr/8bsbkjgd46v11_cpt9rfqm2r0000gn/T/opencode/custom-harness-q1/extracted/sources/bun/bun-0d9b296af33f2b851fcbf4df3e9ec89751734ba4/src/cli/upgrade_command.zig:530:                        Output.prettyErrorln("<r><red>error:<r> Failed to locate \"unzip\" in PATH. bun upgrade needs \"unzip\" to work.", .{});
/private/var/folders/wr/8bsbkjgd46v11_cpt9rfqm2r0000gn/T/opencode/custom-harness-q1/extracted/sources/bun/bun-0d9b296af33f2b851fcbf4df3e9ec89751734ba4/src/cli/upgrade_command.zig:641:                                \\<r><red>error<r><d>:<r> 'bun upgrade' is unsupported on systems without ld
/private/var/folders/wr/8bsbkjgd46v11_cpt9rfqm2r0000gn/T/opencode/custom-harness-q1/extracted/sources/bun/bun-0d9b296af33f2b851fcbf4df3e9ec89751734ba4/src/cli/upgrade_command.zig:744:                            \\To downgrade to the latest stable release, run <b><cyan>bun upgrade --stable<r>
/private/var/folders/wr/8bsbkjgd46v11_cpt9rfqm2r0000gn/T/opencode/custom-harness-q1/extracted/sources/bun/bun-0d9b296af33f2b851fcbf4df3e9ec89751734ba4/src/cli/Arguments.zig:100:    clap.parseParam("--no-install                      Disable auto install in the Bun runtime") catch unreachable,
/private/var/folders/wr/8bsbkjgd46v11_cpt9rfqm2r0000gn/T/opencode/custom-harness-q1/extracted/sources/bun/bun-0d9b296af33f2b851fcbf4df3e9ec89751734ba4/src/cli/Arguments.zig:866:        if (args.flag("--no-install")) {
/private/var/folders/wr/8bsbkjgd46v11_cpt9rfqm2r0000gn/T/opencode/custom-harness-q1/extracted/sources/bun/bun-0d9b296af33f2b851fcbf4df3e9ec89751734ba4/src/cli/Arguments.zig:1080:                Output.errGeneric("To use the experimental \"--app\" option, upgrade to the canary build of bun via \"bun upgrade --canary\"", .{});

TURBO_CONTROLS_EXACT_SOURCE
/private/var/folders/wr/8bsbkjgd46v11_cpt9rfqm2r0000gn/T/opencode/custom-harness-q1/extracted/sources/turborepo/turborepo-ea08facfcc9185adc1096a994408bfc9114b2164/crates/turborepo-telemetry/src/config.rs:23:static DISABLED_ENV_VAR: &str = "TURBO_TELEMETRY_DISABLED";
/private/var/folders/wr/8bsbkjgd46v11_cpt9rfqm2r0000gn/T/opencode/custom-harness-q1/extracted/sources/turborepo/turborepo-ea08facfcc9185adc1096a994408bfc9114b2164/crates/turborepo-updater/src/lib.rs:25:const NOTIFIER_DISABLE_VARS: [&str; 1] = ["NO_UPDATE_NOTIFIER"];
/private/var/folders/wr/8bsbkjgd46v11_cpt9rfqm2r0000gn/T/opencode/custom-harness-q1/extracted/sources/turborepo/turborepo-ea08facfcc9185adc1096a994408bfc9114b2164/crates/turborepo-updater/src/lib.rs:123:    /// Whether update notifications are disabled via config.
/private/var/folders/wr/8bsbkjgd46v11_cpt9rfqm2r0000gn/T/opencode/custom-harness-q1/extracted/sources/turborepo/turborepo-ea08facfcc9185adc1096a994408bfc9114b2164/crates/turborepo-updater/src/lib.rs:128:    // bail early if the user has disabled update notifications
/private/var/folders/wr/8bsbkjgd46v11_cpt9rfqm2r0000gn/T/opencode/custom-harness-q1/extracted/sources/turborepo/turborepo-ea08facfcc9185adc1096a994408bfc9114b2164/crates/turborepo-updater/src/lib.rs:254:        with_env_vars(&[("NO_UPDATE_NOTIFIER", None), ("CI", None)], || {
/private/var/folders/wr/8bsbkjgd46v11_cpt9rfqm2r0000gn/T/opencode/custom-harness-q1/extracted/sources/turborepo/turborepo-ea08facfcc9185adc1096a994408bfc9114b2164/crates/turborepo-updater/src/lib.rs:264:        with_env_vars(&[("NO_UPDATE_NOTIFIER", Some("1")), ("CI", None)], || {
/private/var/folders/wr/8bsbkjgd46v11_cpt9rfqm2r0000gn/T/opencode/custom-harness-q1/extracted/sources/turborepo/turborepo-ea08facfcc9185adc1096a994408bfc9114b2164/crates/turborepo-updater/src/lib.rs:267:                "should skip when NO_UPDATE_NOTIFIER is set"
/private/var/folders/wr/8bsbkjgd46v11_cpt9rfqm2r0000gn/T/opencode/custom-harness-q1/extracted/sources/turborepo/turborepo-ea08facfcc9185adc1096a994408bfc9114b2164/crates/turborepo-updater/src/lib.rs:275:        with_env_vars(&[("NO_UPDATE_NOTIFIER", Some("")), ("CI", None)], || {
/private/var/folders/wr/8bsbkjgd46v11_cpt9rfqm2r0000gn/T/opencode/custom-harness-q1/extracted/sources/turborepo/turborepo-ea08facfcc9185adc1096a994408bfc9114b2164/crates/turborepo-updater/src/lib.rs:278:                "should skip when NO_UPDATE_NOTIFIER is set (even if empty)"
/private/var/folders/wr/8bsbkjgd46v11_cpt9rfqm2r0000gn/T/opencode/custom-harness-q1/extracted/sources/turborepo/turborepo-ea08facfcc9185adc1096a994408bfc9114b2164/crates/turborepo-updater/src/lib.rs:286:            &[("NO_UPDATE_NOTIFIER", None), ("CI", Some("true"))],
/private/var/folders/wr/8bsbkjgd46v11_cpt9rfqm2r0000gn/T/opencode/custom-harness-q1/extracted/sources/turborepo/turborepo-ea08facfcc9185adc1096a994408bfc9114b2164/crates/turborepo-updater/src/lib.rs:298:        with_env_vars(&[("NO_UPDATE_NOTIFIER", None), ("CI", Some("1"))], || {
/private/var/folders/wr/8bsbkjgd46v11_cpt9rfqm2r0000gn/T/opencode/custom-harness-q1/extracted/sources/turborepo/turborepo-ea08facfcc9185adc1096a994408bfc9114b2164/crates/turborepo-updater/src/lib.rs:309:            &[("NO_UPDATE_NOTIFIER", Some("1")), ("CI", Some("true"))],
/private/var/folders/wr/8bsbkjgd46v11_cpt9rfqm2r0000gn/T/opencode/custom-harness-q1/extracted/sources/turborepo/turborepo-ea08facfcc9185adc1096a994408bfc9114b2164/crates/turborepo-updater/src/lib.rs:324:        with_env_vars(&[("NO_UPDATE_NOTIFIER", None), ("CI", None)], || {
/private/var/folders/wr/8bsbkjgd46v11_cpt9rfqm2r0000gn/T/opencode/custom-harness-q1/extracted/sources/turborepo/turborepo-ea08facfcc9185adc1096a994408bfc9114b2164/crates/turborepo-updater/src/lib.rs:426:            NOTIFIER_DISABLE_VARS.contains(&"NO_UPDATE_NOTIFIER"),
/private/var/folders/wr/8bsbkjgd46v11_cpt9rfqm2r0000gn/T/opencode/custom-harness-q1/extracted/sources/turborepo/turborepo-ea08facfcc9185adc1096a994408bfc9114b2164/crates/turborepo-updater/src/lib.rs:427:            "NOTIFIER_DISABLE_VARS should contain NO_UPDATE_NOTIFIER"
/private/var/folders/wr/8bsbkjgd46v11_cpt9rfqm2r0000gn/T/opencode/custom-harness-q1/extracted/sources/turborepo/turborepo-ea08facfcc9185adc1096a994408bfc9114b2164/crates/turborepo-lib/src/cli/args.rs:39:    /// Disable the turbo update notification

PROBE_NETWORK_AND_PROVIDER_SCAN
NO_MATCH: probe sources contain no URL, credential, provider, fetch, or listener token

COPIED_MATERIAL
Only identified license/notice texts are copied; probe and record prose is project-owned clean-room expression.
docs/architecture/custom-harness/qualification/q1/licenses/bun-1.3.14-LICENSE.md
docs/architecture/custom-harness/qualification/q1/licenses/cargo-1.97.1-LICENSE-APACHE.txt
docs/architecture/custom-harness/qualification/q1/licenses/cargo-1.97.1-LICENSE-MIT.txt
docs/architecture/custom-harness/qualification/q1/licenses/effect-4.0.0-beta.107-MIT.txt
docs/architecture/custom-harness/qualification/q1/licenses/effect-dep-detect-libc-2.1.2-Apache-2.0.txt
docs/architecture/custom-harness/qualification/q1/licenses/effect-dep-fast-check-4.9.0-MIT.txt
docs/architecture/custom-harness/qualification/q1/licenses/effect-dep-msgpackr-2.0.5-MIT.txt
docs/architecture/custom-harness/qualification/q1/licenses/effect-dep-msgpackr-extract-3.0.4-MIT.txt
docs/architecture/custom-harness/qualification/q1/licenses/effect-dep-node-gyp-build-optional-packages-5.2.2-MIT.txt
docs/architecture/custom-harness/qualification/q1/licenses/effect-dep-pure-rand-8.4.2-MIT.txt
docs/architecture/custom-harness/qualification/q1/licenses/effect-dep-standard-schema-spec-1.1.0-MIT.txt
docs/architecture/custom-harness/qualification/q1/licenses/effect-dep-uuid-14.0.1-MIT.md
docs/architecture/custom-harness/qualification/q1/licenses/libc-0.2.189-LICENSE-APACHE.txt
docs/architecture/custom-harness/qualification/q1/licenses/libc-0.2.189-LICENSE-MIT.txt
docs/architecture/custom-harness/qualification/q1/licenses/libsqlite3-sys-0.38.2-MIT.txt
docs/architecture/custom-harness/qualification/q1/licenses/node-24.18.0-LICENSE.txt
docs/architecture/custom-harness/qualification/q1/licenses/rusqlite-0.40.2-MIT.txt
docs/architecture/custom-harness/qualification/q1/licenses/rust-1.97.1-COPYRIGHT.txt
docs/architecture/custom-harness/qualification/q1/licenses/rust-1.97.1-LICENSE-APACHE.txt
docs/architecture/custom-harness/qualification/q1/licenses/rust-1.97.1-LICENSE-MIT.txt
docs/architecture/custom-harness/qualification/q1/licenses/turbo-2.10.10-MIT.txt
docs/architecture/custom-harness/qualification/q1/licenses/typescript-5.9.2-Apache-2.0.txt
docs/architecture/custom-harness/qualification/q1/licenses/typescript-5.9.2-ThirdPartyNoticeText.txt
